// Jest Snapshot v1, https://goo.gl/fbAQLP

exports[`Search renders correctly 1`] = `
<div
  className="flex flex-col gap-4"
>
  <label
    className="input input-bordered flex items-center gap-2"
  >
    <input
      autoComplete="off"
      className="grow"
      id="search"
      onChange={[Function]}
      placeholder="Search"
      type="text"
      value=""
    />
    <svg
      className="w-4 h-4 opacity-70"
      fill="currentColor"
      viewBox="0 0 16 16"
      xmlns="http://www.w3.org/2000/svg"
    >
      <path
        clipRule="evenodd"
        d="M9.965 11.026a5 5 0 1 1 1.06-1.06l2.755 2.754a.75.75 0 1 1-1.06 1.06l-2.755-2.754ZM10.5 7a3.5 3.5 0 1 1-7 0 3.5 3.5 0 0 1 7 0Z"
        fillRule="evenodd"
      />
    </svg>
  </label>
  <div
    className="toast toast-center min-w-full"
  >
    <div
      className="alert alert-warning text-wrap"
    >
      No tv shows matching your query were found
    </div>
  </div>
  <div
    className="flex flex-col gap-4"
  />
</div>
`;
